// Jest Snapshot v1, https://goo.gl/fbAQLP

exports[`<Posts /> should match snapshot 1`] = `
<div
  class="posts"
>
  <div
    class="post"
  >
    <img
      alt="{ post.title }"
      src="img/img1.png"
    />
    <div
      class="post-content"
    >
      <h1>
        title 1
      </h1>
      <p>
        body 1
      </p>
    </div>
  </div>
  <div
    class="post"
  >
    <img
      alt="{ post.title }"
      src="img/img2.png"
    />
    <div
      class="post-content"
    >
      <h1>
        title 2
      </h1>
      <p>
        body 2
      </p>
    </div>
  </div>
  <div
    class="post"
  >
    <img
      alt="{ post.title }"
      src="img/img3.png"
    />
    <div
      class="post-content"
    >
      <h1>
        title 3
      </h1>
      <p>
        body 3
      </p>
    </div>
  </div>
</div>
`;

exports[`<Posts /> should not render posts 1`] = `
<div
  class="posts"
>
  <div
    class="post"
  >
    <img
      alt="{ post.title }"
      src="img/img1.png"
    />
    <div
      class="post-content"
    >
      <h1>
        title 1
      </h1>
      <p>
        body 1
      </p>
    </div>
  </div>
  <div
    class="post"
  >
    <img
      alt="{ post.title }"
      src="img/img2.png"
    />
    <div
      class="post-content"
    >
      <h1>
        title 2
      </h1>
      <p>
        body 2
      </p>
    </div>
  </div>
  <div
    class="post"
  >
    <img
      alt="{ post.title }"
      src="img/img3.png"
    />
    <div
      class="post-content"
    >
      <h1>
        title 3
      </h1>
      <p>
        body 3
      </p>
    </div>
  </div>
</div>
`;
